Warning: Design 'soc_top_m0_sram_accelerator_interconnect' has '1' unresolved references. For more detailed information, use the "link" command. (UID-341)
 
****************************************
Report : area
Design : soc_top_m0_sram_accelerator_interconnect
Version: V-2023.12-SP2
Date   : Fri Jun 12 00:32:42 2026
****************************************

Library(s) Used:

    saed32rvt_ss0p95v125c (File: /data/synopsys/lib/saed32nm/lib/stdcell_rvt/db_nldm/saed32rvt_ss0p95v125c.db)

Number of ports:                         1050
Number of nets:                         94956
Number of cells:                        89986
Number of combinational cells:          85660
Number of sequential cells:              4242
Number of macros/black boxes:               0
Number of buf/inv:                      20867
Number of references:                      90

Combinational area:             215374.841795
Buf/Inv area:                    30873.159206
Noncombinational area:           30224.329820
Macro/Black Box area:                0.000000
Net Interconnect area:      undefined  (Wire load has zero net area)

Total cell area:                245599.171615
Total area:                 undefined

Information: This design contains black box (unknown) components. (RPT-8)
1
