Warning: Design 'soc_top_m0_sram_accelerator_interconnect' has '1' unresolved references. For more detailed information, use the "link" command. (UID-341)
 
****************************************
Report : area
Design : soc_top_m0_sram_accelerator_interconnect
Version: V-2023.12-SP2
Date   : Fri Jun 12 17:00:55 2026
****************************************

Library(s) Used:

    saed32rvt_ss0p95v125c (File: /data/synopsys/lib/saed32nm/lib/stdcell_rvt/db_nldm/saed32rvt_ss0p95v125c.db)

Number of ports:                          579
Number of nets:                          9203
Number of cells:                         8527
Number of combinational cells:           7616
Number of sequential cells:               909
Number of macros/black boxes:               0
Number of buf/inv:                       1247
Number of references:                      20

Combinational area:              18506.257868
Buf/Inv area:                     2044.842650
Noncombinational area:            6190.439713
Macro/Black Box area:                0.000000
Net Interconnect area:      undefined  (Wire load has zero net area)

Total cell area:                 24696.697581
Total area:                 undefined

Information: This design contains black box (unknown) components. (RPT-8)
1
