Warning: Design 'soc_top_m0_sram_accelerator_interconnect' has '1' unresolved references. For more detailed information, use the "link" command. (UID-341)
 
****************************************
Report : area
Design : soc_top_m0_sram_accelerator_interconnect
Version: V-2023.12-SP2
Date   : Fri Jun 12 17:11:11 2026
****************************************

Library(s) Used:

    saed32rvt_ss0p95v125c (File: /data/synopsys/lib/saed32nm/lib/stdcell_rvt/db_nldm/saed32rvt_ss0p95v125c.db)

Number of ports:                          262
Number of nets:                          8915
Number of cells:                         8275
Number of combinational cells:           7283
Number of sequential cells:               950
Number of macros/black boxes:               0
Number of buf/inv:                       1284
Number of references:                     117

Combinational area:              17393.869569
Buf/Inv area:                     2017.903384
Noncombinational area:            6389.688611
Macro/Black Box area:                0.000000
Net Interconnect area:      undefined  (Wire load has zero net area)

Total cell area:                 23783.558180
Total area:                 undefined

Information: This design contains black box (unknown) components. (RPT-8)
1
