Warning: Design 'soc_top_m0_sram_accelerator_interconnect' has '1' unresolved references. For more detailed information, use the "link" command. (UID-341)
 
****************************************
Report : area
Design : soc_top_m0_sram_accelerator_interconnect
Version: V-2023.12-SP2
Date   : Fri Jun 12 00:09:58 2026
****************************************

Library(s) Used:

    saed32rvt_ss0p95v125c (File: /data/synopsys/lib/saed32nm/lib/stdcell_rvt/db_nldm/saed32rvt_ss0p95v125c.db)

Number of ports:                         3245
Number of nets:                         90291
Number of cells:                        81371
Number of combinational cells:          77187
Number of sequential cells:              4161
Number of macros/black boxes:               0
Number of buf/inv:                      13868
Number of references:                      84

Combinational area:             207214.530604
Buf/Inv area:                    21892.218524
Noncombinational area:           30041.346096
Macro/Black Box area:                0.000000
Net Interconnect area:      undefined  (Wire load has zero net area)

Total cell area:                237255.876700
Total area:                 undefined

Information: This design contains black box (unknown) components. (RPT-8)
1
