Information: Updating design information... (UID-85)
 
****************************************
Report : power
        -analysis_effort low
Design : soc_top_m0_sram_accelerator_interconnect
Version: V-2023.12-SP2
Date   : Thu Jun 11 23:46:15 2026
****************************************


Library(s) Used:

    saed32rvt_ss0p95v125c (File: /data/synopsys/lib/saed32nm/lib/stdcell_rvt/db_nldm/saed32rvt_ss0p95v125c.db)


Operating Conditions: ss0p95v125c   Library: saed32rvt_ss0p95v125c
Wire Load Model Mode: Inactive.


Global Operating Voltage = 0.95 
Power-specific unit information :
    Voltage Units = 1V
    Capacitance Units = 1.000000ff
    Time Units = 1ns
    Dynamic Power Units = 1uW    (derived from V,C,T units)
    Leakage Power Units = 1pW


Attributes
----------
i - Including register clock pin internal power

Warning: Cannot report correlated power unless power prediction mode is set. (PWR-727)
Power Breakdown
---------------

                             Cell        Driven Net  Tot Dynamic      Cell
                             Internal    Switching   Power (uW)       Leakage
Cell                         Power (uW)  Power (uW)  (% Cell/Tot)     Power (pW)
--------------------------------------------------------------------------------
Netlist Power                 741.0836    305.6187   1.047e+03 (71%)  1.273e+10
Estimated Clock Tree Power   N/A         N/A         N/A (N/A)        N/A
--------------------------------------------------------------------------------

                 Internal         Switching           Leakage            Total
Power Group      Power            Power               Power              Power   (   %    )  Attrs
--------------------------------------------------------------------------------------------------
io_pad             0.0000            0.0000            0.0000            0.0000  (   0.00%)
memory             0.0000            0.0000            0.0000            0.0000  (   0.00%)
black_box          0.0000            0.0000            0.0000            0.0000  (   0.00%)
clock_network    543.4469          120.6848        1.2776e+08          791.8947  (   5.75%)  i
register          79.2465            8.1777        2.4203e+09        2.5077e+03  (  18.20%)
sequential         0.0000            0.0000            0.0000            0.0000  (   0.00%)
combinational    118.3900          176.7564        1.0185e+10        1.0480e+04  (  76.05%)
--------------------------------------------------------------------------------------------------
Total            741.0834 uW       305.6189 uW     1.2733e+10 pW     1.3780e+04 uW
1
