Information: Building the design 'sram_16384x32'. (HDL-193)
Warning: Cannot find the design 'sram_16384x32' in the library 'WORK'. (LBR-1)
Warning: Unable to resolve reference 'sram_16384x32' in 'sram_ahb'. (LINK-5)
Information: Updating design information... (UID-85)
 
****************************************
Report : power
        -analysis_effort low
Design : soc_top_m0_sram_accelerator_interconnect
Version: V-2023.12-SP2
Date   : Fri Jun 12 17:00:53 2026
****************************************


Library(s) Used:

    saed32rvt_ss0p95v125c (File: /data/synopsys/lib/saed32nm/lib/stdcell_rvt/db_nldm/saed32rvt_ss0p95v125c.db)


Operating Conditions: ss0p95v125c   Library: saed32rvt_ss0p95v125c
Wire Load Model Mode: Inactive.


Global Operating Voltage = 0.95 
Power-specific unit information :
    Voltage Units = 1V
    Capacitance Units = 1.000000ff
    Time Units = 1ns
    Dynamic Power Units = 1uW    (derived from V,C,T units)
    Leakage Power Units = 1pW


Attributes
----------
i - Including register clock pin internal power

Warning: Cannot report correlated power unless power prediction mode is set. (PWR-727)
Power Breakdown
---------------

                             Cell        Driven Net  Tot Dynamic      Cell
                             Internal    Switching   Power (uW)       Leakage
Cell                         Power (uW)  Power (uW)  (% Cell/Tot)     Power (pW)
--------------------------------------------------------------------------------
Netlist Power                 350.3786    210.8299   5.612e+02 (62%)  1.284e+09
Estimated Clock Tree Power   N/A         N/A         N/A (N/A)        N/A
--------------------------------------------------------------------------------

                 Internal         Switching           Leakage            Total
Power Group      Power            Power               Power              Power   (   %    )  Attrs
--------------------------------------------------------------------------------------------------
io_pad             0.0000            0.0000            0.0000            0.0000  (   0.00%)
memory             0.0000            0.0000            0.0000            0.0000  (   0.00%)
black_box          0.0000            0.0000            0.0000            0.0000  (   0.00%)
clock_network    245.3795           56.2856        1.1014e+08          411.8026  (  22.31%)  i
register           9.8483            6.9033        4.8293e+08          499.6839  (  27.07%)
sequential         0.0000            0.0000            0.0000            0.0000  (   0.00%)
combinational     95.1501          147.6410        6.9137e+08          934.1655  (  50.61%)
--------------------------------------------------------------------------------------------------
Total            350.3779 uW       210.8299 uW     1.2844e+09 pW     1.8457e+03 uW
1
