Information: Updating design information... (UID-85)
 
****************************************
Report : power
        -analysis_effort low
Design : soc_top_m0_sram_accelerator_interconnect
Version: V-2023.12-SP2
Date   : Fri Jun 12 17:11:09 2026
****************************************


Library(s) Used:

    saed32rvt_ss0p95v125c (File: /data/synopsys/lib/saed32nm/lib/stdcell_rvt/db_nldm/saed32rvt_ss0p95v125c.db)


Operating Conditions: ss0p95v125c   Library: saed32rvt_ss0p95v125c
Wire Load Model Mode: Inactive.


Global Operating Voltage = 0.95 
Power-specific unit information :
    Voltage Units = 1V
    Capacitance Units = 1.000000ff
    Time Units = 1ns
    Dynamic Power Units = 1uW    (derived from V,C,T units)
    Leakage Power Units = 1pW


Attributes
----------
i - Including register clock pin internal power

Warning: Cannot report correlated power unless power prediction mode is set. (PWR-727)
Power Breakdown
---------------

                             Cell        Driven Net  Tot Dynamic      Cell
                             Internal    Switching   Power (uW)       Leakage
Cell                         Power (uW)  Power (uW)  (% Cell/Tot)     Power (pW)
--------------------------------------------------------------------------------
Netlist Power                 294.2062    210.9267   5.051e+02 (58%)  1.245e+09
Estimated Clock Tree Power   N/A         N/A         N/A (N/A)        N/A
--------------------------------------------------------------------------------

                 Internal         Switching           Leakage            Total
Power Group      Power            Power               Power              Power   (   %    )  Attrs
--------------------------------------------------------------------------------------------------
io_pad             0.0000            0.0000            0.0000            0.0000  (   0.00%)
memory             0.0000            0.0000            0.0000            0.0000  (   0.00%)
black_box          0.0000            0.0000            0.0000            0.0000  (   0.00%)
clock_network    149.4402           62.6865        1.0024e+08          312.3690  (  17.85%)  i
register          49.7863            6.4605        4.8275e+08          539.0016  (  30.80%)
sequential         0.0000            0.0000            0.0000            0.0000  (   0.00%)
combinational     94.9796          141.7797        6.6161e+08          898.3741  (  51.34%)
--------------------------------------------------------------------------------------------------
Total            294.2061 uW       210.9266 uW     1.2446e+09 pW     1.7497e+03 uW
1
