Warning: There are 56 switching activity information conflicts. (PWR-19)
Information: Propagating switching activity (high effort zero delay simulation). (PWR-6)
Warning: Invalid switching activity annotation on constant net(s) is being ignored. (PWR-421)
Warning: Design has unannotated sequential cell outputs. (PWR-415)
Warning: Design has unannotated black box outputs. (PWR-428)
 
****************************************
Report : power
        -analysis_effort high
Design : soc_top_m0_sram_accelerator_interconnect
Version: V-2023.12-SP2
Date   : Thu Jun 11 22:03:22 2026
****************************************


Library(s) Used:

    saed32rvt_ss0p95v125c (File: /data/synopsys/lib/saed32nm/lib/stdcell_rvt/db_nldm/saed32rvt_ss0p95v125c.db)


Operating Conditions: ss0p95v125c   Library: saed32rvt_ss0p95v125c
Wire Load Model Mode: Inactive.


Global Operating Voltage = 0.95 
Power-specific unit information :
    Voltage Units = 1V
    Capacitance Units = 1.000000ff
    Time Units = 1ns
    Dynamic Power Units = 1uW    (derived from V,C,T units)
    Leakage Power Units = 1pW


Attributes
----------
i - Including register clock pin internal power

Warning: Cannot report correlated power unless power prediction mode is set. (PWR-727)
Power Breakdown
---------------

                             Cell        Driven Net  Tot Dynamic      Cell
                             Internal    Switching   Power (uW)       Leakage
Cell                         Power (uW)  Power (uW)  (% Cell/Tot)     Power (pW)
--------------------------------------------------------------------------------
Netlist Power                2.205e+03   4.539e+04   4.759e+04 (5%)   1.211e+10
Estimated Clock Tree Power   N/A         N/A         N/A (N/A)        N/A
--------------------------------------------------------------------------------

                 Internal         Switching           Leakage            Total
Power Group      Power            Power               Power              Power   (   %    )  Attrs
--------------------------------------------------------------------------------------------------
io_pad             0.0000            0.0000            0.0000            0.0000  (   0.00%)
memory             0.0000            0.0000            0.0000            0.0000  (   0.00%)
black_box          0.0000            0.0000            0.0000            0.0000  (   0.00%)
clock_network  2.0777e+03        4.5213e+04        1.1481e+08        4.7406e+04  (  79.40%)  i
register          15.5286            9.1688        2.4139e+09        2.4386e+03  (   4.08%)
sequential         0.0000            0.0000            0.0000            0.0000  (   0.00%)
combinational    111.6256          165.8771        9.5858e+09        9.8633e+03  (  16.52%)
--------------------------------------------------------------------------------------------------
Total          2.2049e+03 uW     4.5388e+04 uW     1.2114e+10 pW     5.9708e+04 uW
1
