 
****************************************
Report : qor
Design : accelerator_top
Version: V-2023.12-SP2
Date   : Sat May  2 17:43:04 2026
****************************************


  Timing Path Group 'HCLK'
  -----------------------------------
  Levels of Logic:              91.00
  Critical Path Length:          9.26
  Critical Path Slack:           0.58
  Critical Path Clk Period:     10.00
  Total Negative Slack:          0.00
  No. of Violating Paths:        0.00
  Worst Hold Violation:          0.00
  Total Hold Violation:          0.00
  No. of Hold Violations:        0.00
  -----------------------------------


  Cell Count
  -----------------------------------
  Hierarchical Cell Count:         21
  Hierarchical Port Count:       2668
  Leaf Cell Count:              72676
  Buf/Inv Cell Count:           12476
  Buf Cell Count:                2500
  Inv Cell Count:                9976
  CT Buf/Inv Cell Count:            0
  Combinational Cell Count:     69424
  Sequential Cell Count:         3252
  Macro Count:                      0
  -----------------------------------


  Area
  -----------------------------------
  Combinational Area:   188772.571182
  Noncombinational Area: 23873.271051
  Buf/Inv Area:          20038.746320
  Total Buffer Area:          7174.99
  Total Inverter Area:       12863.75
  Macro/Black Box Area:      0.000000
  Net Area:                  0.000000
  Net XLength        :      713551.19
  Net YLength        :      657109.31
  -----------------------------------
  Cell Area:            212645.842233
  Design Area:          212645.842233
  Net Length        :      1370660.50


  Design Rules
  -----------------------------------
  Total Number of Nets:         78424
  Nets With Violations:            31
  Max Trans Violations:             0
  Max Cap Violations:              31
  -----------------------------------


  Hostname: vecad-svr1

  Compile CPU Statistics
  -----------------------------------------
  Resource Sharing:                   10.73
  Logic Optimization:                 50.74
  Mapping Optimization:               95.09
  -----------------------------------------
  Overall Compile Time:              351.80
  Overall Compile Wall Clock Time:   356.38

  --------------------------------------------------------------------

  Design  WNS: 0.00  TNS: 0.00  Number of Violating Paths: 0


  Design (Hold)  WNS: 0.00  TNS: 0.00  Number of Violating Paths: 0

  --------------------------------------------------------------------


1
