 
****************************************
Report : area
Design : accelerator_top
Version: V-2023.12-SP2
Date   : Sat May  2 17:43:04 2026
****************************************

Library(s) Used:

    saed32rvt_ss0p95v125c (File: /data/synopsys/lib/saed32nm/lib/stdcell_rvt/db_nldm/saed32rvt_ss0p95v125c.db)

Number of ports:                         2818
Number of nets:                         80904
Number of cells:                        72699
Number of combinational cells:          69424
Number of sequential cells:              3252
Number of macros/black boxes:               0
Number of buf/inv:                      12476
Number of references:                      76

Combinational area:             188772.571182
Buf/Inv area:                    20038.746320
Noncombinational area:           23873.271051
Macro/Black Box area:                0.000000
Net Interconnect area:      undefined  (Wire load has zero net area)

Total cell area:                212645.842233
Total area:                 undefined
1
