 
****************************************
Report : threshold voltage group
        -analysis_effort low
Design : accelerator_top
Version: V-2023.12-SP2
Date   : Sat May  2 17:43:05 2026
****************************************

********************************************************************************
                        Threshold Voltage Group Report                         
********************************************************************************


Vth Group                All                Blackbox           Non-blackbox
Name                    cells                cells                cells
********************************************************************************
saed32cell_svt      72676 (100.00%)          0   (0.00%)      72676 (100.00%)   
********************************************************************************

Vth Group                All                Blackbox           Non-blackbox
Name                  cell area            cell area            cell area
********************************************************************************
saed32cell_svt  212645.84 (100.00%)       0.00   (0.00%)  212645.84 (100.00%)   
********************************************************************************

Vth Group                All                Blackbox           Non-blackbox
Name                 cell leakage        cell leakage          cell leakage
********************************************************************************
saed32cell_svt   10.586mW (100.00%)    0.000pW   (0.00%)   10.586mW (100.00%)   
********************************************************************************

1
