****************************************
Report : qor
Design : accelerator_top
Version: V-2023.12-SP2
Date   : Thu May  7 14:31:22 2026
****************************************

  Timing Path Group '**async_default**' (max_delay/setup)
  ---------------------------------------------
  Levels of Logic:                            4
  Critical Path Length:                    0.88
  Critical Path Slack:                     9.32
  Total Negative Slack:                    0.00
  No. of Violating Paths:                     0
  ---------------------------------------------

  Timing Path Group 'HCLK' (max_delay/setup)
  ---------------------------------------------
  Levels of Logic:                          101
  Critical Path Length:                    9.64
  Critical Path Slack:                     0.46
  Total Negative Slack:                    0.00
  No. of Violating Paths:                     0
  ---------------------------------------------

  Timing Path Group '**async_default**' (min_delay/hold)
  ---------------------------------------------
  Levels of Logic:                            2
  Critical Path Length:                    0.68
  Critical Path Slack:                     0.29
  Total Negative Slack:                    0.00
  No. of Violating Paths:                     0
  ---------------------------------------------

  Timing Path Group 'HCLK' (min_delay/hold)
  ---------------------------------------------
  Levels of Logic:                            2
  Critical Path Length:                    0.34
  Critical Path Slack:                     0.11
  Total Negative Slack:                    0.00
  No. of Violating Paths:                     0
  ---------------------------------------------

  Area
  ---------------------------------------------
  Net Interconnect area:               71309.76
  Total cell area:                    218431.06
  Design Area:                        289740.81
  ---------------------------------------------


  Cell & Pin Count
  ---------------------------------------------
  Pin Count:                             269435
  Hierarchical Cell Count:                   21
  Hierarchical Port Count:                 2731
  Leaf Cell Count:                        75568
  ---------------------------------------------


  Design Rule Violations
  ---------------------------------------------
  Total No. of Pins in Design:           269435
  max_capacitance Count:                      4
  max_capacitance Cost:                    1.06
  Total DRC Cost:                          1.06
  ---------------------------------------------

1
