****************************************
Report : timing
	-path_type full
	-delay_type max
	-max_paths 1
	-sort_by slack
Design : accelerator_top
Version: V-2023.12-SP2
Date   : Thu May  7 14:26:07 2026
****************************************


  Startpoint: u_systolic/u_core/ROW[0].COL[1].pe/a_out_reg[2]
               (rising edge-triggered flip-flop clocked by HCLK)
  Endpoint: u_systolic/u_core/ROW[0].COL[2].pe/sum_out_reg[30]
               (rising edge-triggered flip-flop clocked by HCLK)
  Last common pin: ZCTSBUF_135104_4316/Y
  Path Group: HCLK
  Path Type: max

  Point                                                   Incr       Path
  ------------------------------------------------------------------------------
  clock HCLK (rise edge)                                  0.00       0.00
  clock network delay (propagated)                        0.25       0.25
  u_systolic/u_core/ROW[0].COL[1].pe/a_out_reg[2]/CLK (DFFARX1_RVT)
                                                          0.00       0.25 r
  u_systolic/u_core/ROW[0].COL[1].pe/a_out_reg[2]/Q (DFFARX1_RVT)
                                                          0.18 &     0.43 r
  u_systolic/u_core/ROW[0].COL[1].pe/HFSBUF_117_1496/Y (NBUFFX2_RVT)
                                                          0.08 &     0.51 r
  U3101/Y (INVX1_RVT)                                     0.03 &     0.54 f
  HFSBUF_1055_3326/Y (NBUFFX4_RVT)                        0.09 &     0.63 f
  U1584/Y (NOR2X0_RVT)                                    0.11 &     0.74 r
  U1995/S (FADDX1_RVT)                                    0.15 &     0.90 f
  U1993/CO (FADDX1_RVT)                                   0.11 &     1.00 f
  U2032/S (FADDX1_RVT)                                    0.16 &     1.16 r
  U2022/CO (FADDX1_RVT)                                   0.10 &     1.26 r
  U2544/CO (FADDX1_RVT)                                   0.10 &     1.37 r
  U2546/S (FADDX1_RVT)                                    0.15 &     1.52 f
  U2552/S (FADDX1_RVT)                                    0.15 &     1.68 r
  U2568/Y (NAND2X0_RVT)                                   0.08 &     1.76 f
  U2570/Y (OAI21X1_RVT)                                   0.16 &     1.92 r
  U2574/Y (AOI21X1_RVT)                                   0.10 &     2.02 f
  U2575/Y (OAI21X1_RVT)                                   0.10 &     2.12 r
  U2576/Y (AOI21X1_RVT)                                   0.09 &     2.21 f
  U2621/Y (OAI21X1_RVT)                                   0.14 &     2.34 r
  U2660/Y (INVX1_RVT)                                     0.06 &     2.40 f
  U2682/Y (OR2X1_RVT)                                     0.07 &     2.47 f
  U2683/Y (OR2X1_RVT)                                     0.06 &     2.53 f
  U2684/Y (OR2X1_RVT)                                     0.06 &     2.59 f
  U2685/Y (OR2X1_RVT)                                     0.06 &     2.66 f
  U2686/Y (OR2X1_RVT)                                     0.06 &     2.72 f
  U2736/Y (AO21X1_RVT)                                    0.07 &     2.80 f
  U2738/Y (NOR2X0_RVT)                                    0.10 &     2.90 r
  U2748/Y (INVX1_RVT)                                     0.04 &     2.94 f
  U2749/Y (NOR2X0_RVT)                                    0.09 &     3.02 r
  U2959/Y (AOI21X1_RVT)                                   0.08 &     3.10 f
  U2752/Y (OR2X1_RVT)                                     0.06 &     3.17 f
  U2753/Y (OA22X1_RVT)                                    0.06 &     3.23 f
  U2754/Y (OAI22X1_RVT)                                   0.08 &     3.31 r
  U2769/Y (OR2X1_RVT)                                     0.07 &     3.39 r
  U13655/Y (NBUFFX4_RVT)                                  0.08 &     3.47 r
  U2794/Y (NOR2X0_RVT)                                    0.09 &     3.56 f
  U2795/Y (AOI21X2_RVT)                                   0.09 &     3.66 r
  U2810/Y (OR2X1_RVT)                                     0.07 &     3.73 r
  U2863/CO (FADDX1_RVT)                                   0.10 &     3.82 r
  U2878/CO (FADDX2_RVT)                                   0.10 &     3.93 r
  U2880/CO (FADDX1_RVT)                                   0.11 &     4.03 r
  U3011/CO (FADDX1_RVT)                                   0.11 &     4.14 r
  U3020/CO (FADDX1_RVT)                                   0.10 &     4.24 r
  U3028/CO (FADDX1_RVT)                                   0.10 &     4.34 r
  U3027/Y (XOR2X1_RVT)                                    0.11 &     4.45 f
  U3029/Y (OR3X2_RVT)                                     0.11 &     4.56 f
  U3042/Y (OR2X2_RVT)                                     0.10 &     4.66 f
  U3043/Y (NOR2X2_RVT)                                    0.11 &     4.76 r
  U3213/Y (INVX1_RVT)                                     0.04 &     4.81 f
  U3216/Y (OR2X1_RVT)                                     0.09 &     4.90 f
  U3312/Y (NOR2X0_RVT)                                    0.08 &     4.97 r
  U3313/Y (AO21X1_RVT)                                    0.05 &     5.02 r
  U3314/Y (OR2X1_RVT)                                     0.06 &     5.08 r
  U3315/Y (OR2X1_RVT)                                     0.08 &     5.16 r
  U3316/Y (INVX0_RVT)                                     0.04 &     5.19 f
  U3317/Y (NAND2X0_RVT)                                   0.06 &     5.25 r
  U3318/Y (NAND2X0_RVT)                                   0.05 &     5.31 f
  U3341/Y (OA22X1_RVT)                                    0.10 &     5.41 f
  U3344/Y (AO22X1_RVT)                                    0.08 &     5.49 f
  U3405/Y (OA221X1_RVT)                                   0.11 &     5.61 f
  U3645/Y (AO221X1_RVT)                                   0.12 &     5.73 f
  U3658/Y (NAND2X0_RVT)                                   0.05 &     5.78 r
  U3667/Y (NOR2X0_RVT)                                    0.10 &     5.88 f
  U16964/Y (NBUFFX4_RVT)                                  0.08 &     5.96 f
  U17060/Y (INVX2_RVT)                                    0.07 &     6.03 r
  U3717/Y (MUX21X1_RVT)                                   0.12 &     6.15 f
  U3718/Y (XOR2X1_RVT)                                    0.12 &     6.27 r
  U3719/Y (NOR2X0_RVT)                                    0.09 &     6.35 f
  U3840/Y (OAI21X1_RVT)                                   0.13 &     6.48 r
  U3844/Y (AOI21X1_RVT)                                   0.10 &     6.58 f
  U3845/Y (OAI21X1_RVT)                                   0.11 &     6.68 r
  U6394/Y (AO21X1_RVT)                                    0.09 &     6.77 r
  U3955/CO (FADDX1_RVT)                                   0.10 &     6.87 r
  U3962/CO (FADDX1_RVT)                                   0.10 &     6.98 r
  U3961/CO (FADDX1_RVT)                                   0.10 &     7.08 r
  U3967/CO (FADDX1_RVT)                                   0.10 &     7.18 r
  U3966/CO (FADDX1_RVT)                                   0.10 &     7.28 r
  U3969/CO (FADDX1_RVT)                                   0.10 &     7.38 r
  U3970/CO (FADDX1_RVT)                                   0.11 &     7.50 r
  U3915/CO (FADDX1_RVT)                                   0.10 &     7.60 r
  U3914/CO (FADDX1_RVT)                                   0.10 &     7.71 r
  U3918/CO (FADDX1_RVT)                                   0.10 &     7.81 r
  U3917/CO (FADDX1_RVT)                                   0.10 &     7.91 r
  U3908/CO (FADDX1_RVT)                                   0.10 &     8.01 r
  U3911/CO (FADDX1_RVT)                                   0.10 &     8.12 r
  U3909/CO (FADDX1_RVT)                                   0.10 &     8.22 r
  U3910/S (FADDX1_RVT)                                    0.17 &     8.39 f
  U3912/Y (OR2X1_RVT)                                     0.09 &     8.48 f
  U4023/Y (NOR2X1_RVT)                                    0.08 &     8.55 r
  U4024/Y (NOR2X0_RVT)                                    0.09 &     8.64 f
  U4025/Y (INVX1_RVT)                                     0.06 &     8.70 r
  U15322/Y (OR2X1_RVT)                                    0.07 &     8.76 r
  U15323/Y (XOR2X1_RVT)                                   0.08 &     8.85 r
  U15505/CO (FADDX1_RVT)                                  0.10 &     8.95 r
  U15783/CO (FADDX1_RVT)                                  0.10 &     9.04 r
  U16056/CO (FADDX1_RVT)                                  0.10 &     9.14 r
  U16070/CO (FADDX1_RVT)                                  0.10 &     9.24 r
  U16082/CO (FADDX1_RVT)                                  0.10 &     9.35 r
  U16095/CO (FADDX1_RVT)                                  0.10 &     9.45 r
  U16099/CO (FADDX1_RVT)                                  0.10 &     9.54 r
  U16101/Y (XOR2X1_RVT)                                   0.09 &     9.64 r
  U16102/Y (AO222X1_RVT)                                  0.14 &     9.77 r
  u_systolic/u_core/ROW[0].COL[2].pe/sum_out_reg[30]/D (DFFARX1_RVT)
                                                          0.00 &     9.77 r
  data arrival time                                                  9.77

  clock HCLK (rise edge)                                 10.00      10.00
  clock network delay (propagated)                        0.16      10.16
  clock reconvergence pessimism                           0.00      10.16
  u_systolic/u_core/ROW[0].COL[2].pe/sum_out_reg[30]/CLK (DFFARX1_RVT)
                                                                    10.16 r
  library setup time                                     -0.06      10.10
  data required time                                                10.10
  ------------------------------------------------------------------------------
  data required time                                                10.10
  data arrival time                                                 -9.77
  ------------------------------------------------------------------------------
  slack (MET)                                                        0.33


1
