****************************************
Report : timing
	-path_type full
	-delay_type max
	-max_paths 1
	-sort_by slack
Design : accelerator_top
Version: V-2023.12-SP2
Date   : Thu May  7 14:31:16 2026
****************************************


  Startpoint: u_systolic/u_core/ROW[0].COL[1].pe/a_out_reg[2]
               (rising edge-triggered flip-flop clocked by HCLK)
  Endpoint: u_systolic/u_core/ROW[0].COL[2].pe/sum_out_reg[30]
               (rising edge-triggered flip-flop clocked by HCLK)
  Last common pin: ZCTSBUF_135104_4316/Y
  Path Group: HCLK
  Path Type: max

  Point                                                   Incr       Path
  ------------------------------------------------------------------------------
  clock HCLK (rise edge)                                  0.00       0.00
  clock network delay (propagated)                        0.24       0.24
  u_systolic/u_core/ROW[0].COL[1].pe/a_out_reg[2]/CLK (DFFARX1_RVT)
                                                          0.00       0.24 r
  u_systolic/u_core/ROW[0].COL[1].pe/a_out_reg[2]/Q (DFFARX1_RVT)
                                                          0.18 &     0.43 r
  u_systolic/u_core/ROW[0].COL[1].pe/HFSBUF_117_1496/Y (NBUFFX2_RVT)
                                                          0.07 &     0.50 r
  U3101/Y (INVX1_RVT)                                     0.03 &     0.53 f
  HFSBUF_1055_3326/Y (NBUFFX4_RVT)                        0.09 &     0.62 f
  U1584/Y (NOR2X0_RVT)                                    0.11 &     0.73 r
  U1995/S (FADDX1_RVT)                                    0.15 &     0.88 f
  U1993/CO (FADDX1_RVT)                                   0.10 &     0.99 f
  U2032/S (FADDX1_RVT)                                    0.16 &     1.14 r
  U2022/CO (FADDX1_RVT)                                   0.10 &     1.24 r
  U2544/CO (FADDX1_RVT)                                   0.10 &     1.35 r
  U2546/S (FADDX1_RVT)                                    0.15 &     1.50 f
  U2552/S (FADDX1_RVT)                                    0.15 &     1.65 r
  U2568/Y (NAND2X0_RVT)                                   0.08 &     1.73 f
  U2570/Y (OAI21X1_RVT)                                   0.16 &     1.89 r
  U2574/Y (AOI21X1_RVT)                                   0.10 &     1.99 f
  U2575/Y (OAI21X1_RVT)                                   0.09 &     2.09 r
  U2576/Y (AOI21X1_RVT)                                   0.09 &     2.17 f
  U2621/Y (OAI21X1_RVT)                                   0.13 &     2.31 r
  U2660/Y (INVX1_RVT)                                     0.05 &     2.36 f
  U2682/Y (OR2X1_RVT)                                     0.07 &     2.43 f
  U2683/Y (OR2X1_RVT)                                     0.06 &     2.49 f
  U2684/Y (OR2X1_RVT)                                     0.06 &     2.55 f
  U2685/Y (OR2X1_RVT)                                     0.06 &     2.62 f
  U2686/Y (OR2X1_RVT)                                     0.06 &     2.68 f
  U2736/Y (AO21X1_RVT)                                    0.07 &     2.75 f
  U2738/Y (NOR2X0_RVT)                                    0.10 &     2.85 r
  U2748/Y (INVX1_RVT)                                     0.04 &     2.89 f
  U2749/Y (NOR2X0_RVT)                                    0.08 &     2.97 r
  U2959/Y (AOI21X1_RVT)                                   0.08 &     3.05 f
  U2752/Y (OR2X1_RVT)                                     0.06 &     3.11 f
  U2753/Y (OA22X1_RVT)                                    0.06 &     3.18 f
  U2754/Y (OAI22X1_RVT)                                   0.08 &     3.26 r
  U2769/Y (OR2X1_RVT)                                     0.07 &     3.33 r
  U13655/Y (NBUFFX4_RVT)                                  0.08 &     3.41 r
  U2794/Y (NOR2X0_RVT)                                    0.09 &     3.50 f
  U2795/Y (AOI21X2_RVT)                                   0.09 &     3.60 r
  U2810/Y (OR2X1_RVT)                                     0.07 &     3.67 r
  U2863/CO (FADDX1_RVT)                                   0.10 &     3.76 r
  U2878/CO (FADDX2_RVT)                                   0.10 &     3.87 r
  U2880/CO (FADDX1_RVT)                                   0.10 &     3.97 r
  U3011/CO (FADDX1_RVT)                                   0.11 &     4.08 r
  U3020/CO (FADDX1_RVT)                                   0.10 &     4.18 r
  U3028/CO (FADDX1_RVT)                                   0.09 &     4.27 r
  U3027/Y (XOR2X1_RVT)                                    0.11 &     4.39 f
  U3029/Y (OR3X2_RVT)                                     0.10 &     4.49 f
  U3042/Y (OR2X2_RVT)                                     0.10 &     4.59 f
  U3043/Y (NOR2X2_RVT)                                    0.10 &     4.69 r
  U3213/Y (INVX1_RVT)                                     0.04 &     4.73 f
  U3216/Y (OR2X1_RVT)                                     0.09 &     4.82 f
  U3312/Y (NOR2X0_RVT)                                    0.08 &     4.90 r
  U3313/Y (AO21X1_RVT)                                    0.05 &     4.94 r
  U3314/Y (OR2X1_RVT)                                     0.06 &     5.00 r
  U3315/Y (OR2X1_RVT)                                     0.07 &     5.07 r
  U3316/Y (INVX0_RVT)                                     0.04 &     5.11 f
  U3317/Y (NAND2X0_RVT)                                   0.06 &     5.17 r
  U3318/Y (NAND2X0_RVT)                                   0.05 &     5.22 f
  U3341/Y (OA22X1_RVT)                                    0.10 &     5.32 f
  U3344/Y (AO22X1_RVT)                                    0.08 &     5.41 f
  U3405/Y (OA221X1_RVT)                                   0.11 &     5.52 f
  U3645/Y (AO221X1_RVT)                                   0.12 &     5.63 f
  U3658/Y (NAND2X0_RVT)                                   0.05 &     5.69 r
  U3667/Y (NOR2X0_RVT)                                    0.10 &     5.78 f
  U16964/Y (NBUFFX4_RVT)                                  0.08 &     5.86 f
  U17060/Y (INVX2_RVT)                                    0.07 &     5.93 r
  U3717/Y (MUX21X1_RVT)                                   0.12 &     6.05 f
  U3718/Y (XOR2X1_RVT)                                    0.12 &     6.17 r
  U3719/Y (NOR2X0_RVT)                                    0.09 &     6.25 f
  U3840/Y (OAI21X1_RVT)                                   0.13 &     6.38 r
  U3844/Y (AOI21X1_RVT)                                   0.10 &     6.47 f
  U3845/Y (OAI21X1_RVT)                                   0.10 &     6.58 r
  U6394/Y (AO21X1_RVT)                                    0.09 &     6.66 r
  U3955/CO (FADDX1_RVT)                                   0.10 &     6.77 r
  U3962/CO (FADDX1_RVT)                                   0.10 &     6.87 r
  U3961/CO (FADDX1_RVT)                                   0.10 &     6.97 r
  U3967/CO (FADDX1_RVT)                                   0.10 &     7.07 r
  U3966/CO (FADDX1_RVT)                                   0.10 &     7.17 r
  U3969/CO (FADDX1_RVT)                                   0.10 &     7.27 r
  U3970/CO (FADDX1_RVT)                                   0.11 &     7.39 r
  U3915/CO (FADDX1_RVT)                                   0.10 &     7.49 r
  U3914/CO (FADDX1_RVT)                                   0.10 &     7.59 r
  U3918/CO (FADDX1_RVT)                                   0.10 &     7.69 r
  U3917/CO (FADDX1_RVT)                                   0.10 &     7.79 r
  U3908/CO (FADDX1_RVT)                                   0.10 &     7.90 r
  U3911/CO (FADDX1_RVT)                                   0.10 &     8.00 r
  U3909/CO (FADDX1_RVT)                                   0.10 &     8.10 r
  U3910/S (FADDX1_RVT)                                    0.17 &     8.27 f
  U3912/Y (OR2X1_RVT)                                     0.08 &     8.36 f
  U4023/Y (NOR2X1_RVT)                                    0.07 &     8.43 r
  U4024/Y (NOR2X0_RVT)                                    0.09 &     8.52 f
  U4025/Y (INVX1_RVT)                                     0.05 &     8.57 r
  U15322/Y (OR2X1_RVT)                                    0.06 &     8.64 r
  U15323/Y (XOR2X1_RVT)                                   0.08 &     8.72 r
  U15505/CO (FADDX1_RVT)                                  0.10 &     8.82 r
  U15783/CO (FADDX1_RVT)                                  0.10 &     8.92 r
  U16056/CO (FADDX1_RVT)                                  0.10 &     9.01 r
  U16070/CO (FADDX1_RVT)                                  0.10 &     9.12 r
  U16082/CO (FADDX1_RVT)                                  0.10 &     9.22 r
  U16095/CO (FADDX1_RVT)                                  0.10 &     9.32 r
  U16099/CO (FADDX1_RVT)                                  0.09 &     9.41 r
  U16101/Y (XOR2X1_RVT)                                   0.09 &     9.50 r
  U16102/Y (AO222X1_RVT)                                  0.14 &     9.64 r
  u_systolic/u_core/ROW[0].COL[2].pe/sum_out_reg[30]/D (DFFARX1_RVT)
                                                          0.00 &     9.64 r
  data arrival time                                                  9.64

  clock HCLK (rise edge)                                 10.00      10.00
  clock network delay (propagated)                        0.15      10.15
  clock reconvergence pessimism                           0.00      10.16
  u_systolic/u_core/ROW[0].COL[2].pe/sum_out_reg[30]/CLK (DFFARX1_RVT)
                                                                    10.16 r
  library setup time                                     -0.06      10.10
  data required time                                                10.10
  ------------------------------------------------------------------------------
  data required time                                                10.10
  data arrival time                                                 -9.64
  ------------------------------------------------------------------------------
  slack (MET)                                                        0.46


1
