****************************************
Report : timing
        -path_type full
        -delay_type min
        -max_paths 1
        -report_by scenario
Design : accelerator_top
Version: V-2023.12
Date   : Tue May  5 17:15:44 2026
****************************************

  Startpoint: u_systolic/u_deskew_buffer/c2_d1_reg[22] (rising edge-triggered flip-flop clocked by HCLK)
  Endpoint: u_systolic/u_deskew_buffer/c2_d1_reg[22] (rising edge-triggered flip-flop clocked by HCLK)
  Mode: func
  Corner: fast
  Scenario: func.fast
  Path Group: HCLK
  Path Type: min

  Point                                            Incr      Path  
  ------------------------------------------------------------------------
  clock HCLK (rise edge)                           0.00      0.00
  clock network delay (ideal)                      0.00      0.00

  u_systolic/u_deskew_buffer/c2_d1_reg[22]/CLK (DFFARX1_RVT)
                                                   0.00      0.00 r
  u_systolic/u_deskew_buffer/c2_d1_reg[22]/Q (DFFARX1_RVT)
                                                   0.19      0.19 f
  U18083/Y (AO22X1_RVT)                            0.06      0.25 f
  u_systolic/u_deskew_buffer/c2_d1_reg[22]/D (DFFARX1_RVT)
                                                   0.00      0.25 f
  data arrival time                                          0.25

  clock HCLK (rise edge)                           0.00      0.00
  clock network delay (ideal)                      0.10      0.10
  u_systolic/u_deskew_buffer/c2_d1_reg[22]/CLK (DFFARX1_RVT)
                                                   0.00      0.10 r
  library hold time                                0.01      0.11
  data required time                                         0.11
  ------------------------------------------------------------------------
  data required time                                         0.11
  data arrival time                                         -0.25
  ------------------------------------------------------------------------
  slack (MET)                                                0.14



  Startpoint: u_systolic/u_deskew_buffer/c2_d1_reg[22] (rising edge-triggered flip-flop clocked by HCLK)
  Endpoint: u_systolic/u_deskew_buffer/c2_d1_reg[22] (rising edge-triggered flip-flop clocked by HCLK)
  Mode: func
  Corner: slow
  Scenario: func.slow
  Path Group: HCLK
  Path Type: min

  Point                                            Incr      Path  
  ------------------------------------------------------------------------
  clock HCLK (rise edge)                           0.00      0.00
  clock network delay (ideal)                      0.00      0.00

  u_systolic/u_deskew_buffer/c2_d1_reg[22]/CLK (DFFARX1_RVT)
                                                   0.00      0.00 r
  u_systolic/u_deskew_buffer/c2_d1_reg[22]/Q (DFFARX1_RVT)
                                                   0.19      0.19 f
  U18083/Y (AO22X1_RVT)                            0.06      0.25 f
  u_systolic/u_deskew_buffer/c2_d1_reg[22]/D (DFFARX1_RVT)
                                                   0.00      0.25 f
  data arrival time                                          0.25

  clock HCLK (rise edge)                           0.00      0.00
  clock network delay (ideal)                      0.10      0.10
  u_systolic/u_deskew_buffer/c2_d1_reg[22]/CLK (DFFARX1_RVT)
                                                   0.00      0.10 r
  library hold time                                0.01      0.11
  data required time                                         0.11
  ------------------------------------------------------------------------
  data required time                                         0.11
  data arrival time                                         -0.25
  ------------------------------------------------------------------------
  slack (MET)                                                0.14


1
