****************************************
Report : timing
        -path_type full
        -delay_type min
        -max_paths 1
        -report_by scenario
Design : accelerator_top
Version: V-2023.12
Date   : Tue May  5 17:39:03 2026
****************************************
Information: Timer using 'CRPR'. (TIM-050)

  Startpoint: u_systolic/u_skew_buffer/r3_d1_reg[13] (rising edge-triggered flip-flop clocked by HCLK)
  Endpoint: u_systolic/u_skew_buffer/r3_d2_reg[13] (rising edge-triggered flip-flop clocked by HCLK)
  Mode: func
  Corner: fast
  Scenario: func.fast
  Path Group: HCLK
  Path Type: min

  Point                                            Incr      Path  
  ------------------------------------------------------------------------
  clock HCLK (rise edge)                           0.00      0.00
  clock network delay (propagated)                 0.08      0.08

  u_systolic/u_skew_buffer/r3_d1_reg[13]/CLK (DFFARX1_RVT)
                                                   0.00      0.08 r
  u_systolic/u_skew_buffer/r3_d1_reg[13]/Q (DFFARX1_RVT)
                                                   0.19      0.27 f
  U7023/Y (AO21X1_RVT)                             0.08      0.35 f
  u_systolic/u_skew_buffer/r3_d2_reg[13]/D (DFFARX1_RVT)
                                                   0.00      0.35 f
  data arrival time                                          0.35

  clock HCLK (rise edge)                           0.00      0.00
  clock network delay (propagated)                 0.24      0.24
  clock reconvergence pessimism                   -0.00      0.24
  u_systolic/u_skew_buffer/r3_d2_reg[13]/CLK (DFFARX1_RVT)
                                                   0.00      0.24 r
  library hold time                               -0.00      0.24
  data required time                                         0.24
  ------------------------------------------------------------------------
  data required time                                         0.24
  data arrival time                                         -0.35
  ------------------------------------------------------------------------
  slack (MET)                                                0.11



  Startpoint: u_systolic/u_skew_buffer/r3_d1_reg[13] (rising edge-triggered flip-flop clocked by HCLK)
  Endpoint: u_systolic/u_skew_buffer/r3_d2_reg[13] (rising edge-triggered flip-flop clocked by HCLK)
  Mode: func
  Corner: slow
  Scenario: func.slow
  Path Group: HCLK
  Path Type: min

  Point                                            Incr      Path  
  ------------------------------------------------------------------------
  clock HCLK (rise edge)                           0.00      0.00
  clock network delay (propagated)                 0.08      0.08

  u_systolic/u_skew_buffer/r3_d1_reg[13]/CLK (DFFARX1_RVT)
                                                   0.00      0.08 r
  u_systolic/u_skew_buffer/r3_d1_reg[13]/Q (DFFARX1_RVT)
                                                   0.19      0.27 f
  U7023/Y (AO21X1_RVT)                             0.08      0.36 f
  u_systolic/u_skew_buffer/r3_d2_reg[13]/D (DFFARX1_RVT)
                                                   0.00      0.36 f
  data arrival time                                          0.36

  clock HCLK (rise edge)                           0.00      0.00
  clock network delay (propagated)                 0.25      0.25
  clock reconvergence pessimism                   -0.00      0.25
  u_systolic/u_skew_buffer/r3_d2_reg[13]/CLK (DFFARX1_RVT)
                                                   0.00      0.25 r
  library hold time                               -0.00      0.24
  data required time                                         0.24
  ------------------------------------------------------------------------
  data required time                                         0.24
  data arrival time                                         -0.36
  ------------------------------------------------------------------------
  slack (MET)                                                0.11


1
